[
    "crafted_batteries",
    "crafted_cardboard",
    "crafted_cement",
    "crafted_ceramictiles",
    "crafted_circuit",
    "crafted_computer",
    "crafted_concrete",
    "crafted_copperwire",
    "crafted_fiberglass",
    "crafted_jewelry",
    "crafted_rebar",
    "fridge_airline_meal",
    "fridge_dairy",
    "fridge_meat",
    "fridge_store_delivery",
    "fridge_veggies",
    "liquid_water",
    "liquid_water_raw",
    "mechanicals_battery",
    "mechanicals_battery_evb",
    "mechanicals_chassis",
    "mechanicals_rubber",
    "mechanicals_vehicle_framework",
    "mechanicals_wheels",
    "military_chemicals",
    "military_explosives",
    "military_titanium",
    "military_titanium_ore",
    "petrochem_asphalt",
    "petrochem_diesel",
    "petrochem_gas",
    "petrochem_kerosene",
    "petrochem_oil",
    "petrochem_petrol",
    "petrochem_propane",
    "petrochem_sulfur",
    "petrochem_waste",
    "pucargosmall",
    "recycled_electronics",
    "recycled_rubble",
    "recycled_trash",
    "recycled_waste",
    "refined_aluminum",
    "refined_amalgam",
    "refined_bronze",
    "refined_copper",
    "refined_flint",
    "refined_glass",
    "refined_gold",
    "refined_planks",
    "refined_sand",
    "refined_solder",
    "refined_tin",
    "refined_zinc",
    "scrap_acid",
    "scrap_aluminum",
    "scrap_copper",
    "scrap_emerald",
    "scrap_gold",
    "scrap_gravel",
    "scrap_lead",
    "scrap_mercury",
    "scrap_ore",
    "scrap_plastic",
    "scrap_tin",
    "tcargodust",
    "tcargolarge",
    "tcargologs",
    "tcargomedium",
    "tcargosmall"
]
