[
    "scrap",
    "refined",
    "crafted",
    "recycled",
    "fridge",
    "mechanicals",
    "petrochem",
    "military",
    "tcargo",
    "pucargo",
    "liquid_water"
]
