[
    {
        "scrap_copper": 968,
        "scrap_gold": 121,
        "scrap_plastic": 1452
    }
]
