[
    {
        "scrap_emerald": 105,
        "scrap_ore": 420,
        "refined_flint": 504,
        "refined_sand": 756
    }
]
