[
    {
        "scrap_acid": 572,
        "scrap_lead": 286,
        "scrap_mercury": 286
    }
]
