-
    scrap_aluminum: 700
    scrap_plastic: 1400
    scrap_tin: 700
