[
    {
        "military_chemicals": 210,
        "petrochem_propane": 210,
        "petrochem_waste": 105
    }
]
