[
    {
        "petrochem_diesel": 105,
        "petrochem_kerosene": 105,
        "petrochem_petrol": 210
    }
]
